Android Bootloader - UART_DM Initialized!!!
[0] welcome to lk

[0] OpenStick Bootloader V0.01
[0] [Author] HandsomeYingyan <handsomeyingyan@gmail.com>
[0] This Bootloader Has Super Handsome Power!
[0] calling constructors
[0] initializing heap
[0] initializing threads
[0] initializing dpc
[0] initializing timers
[0] creating bootstrap completion thread
[10] top of bootstrap2()
[10] initializing platform
[10] platform_init()
[10] initializing target
[10] target_init()
[10] initializing lk2nd
[20] Board: platform: 206, foundry: 0x0, platform_version: 0x10000, platform_hw: 0x18, platform_subtype: 0x0, target: 0x10018, baseband: 0x0, platform_hlos_subtype: 0x100
[30] pmic_info[0]: type: 0x1000b, version: 0x20000, target: 0x2000b
[40] Command line from primary bootloader: lk2nd.compatible=zhihe,uz801-v3
[40] Device model: Handsome Stick
[50] Device keymap:
[50] key=0x122, gpio=25, type=0, pull=1, active=1
[70] initialising mmc_slot =1
[80]  Initializing MMC host data structure and clock!
[90] Decoded CID fields:
[90] Manufacturer ID: 90
[100] OEM ID: 0x14a
[100] Product Name: H4G1d
[100] Product revision: 8.6
[100] Product serial number: 1A20AE9
[110] Manufacturing date: 0 2006
[120] Decoded CSD fields:
[120] cmmc_structure: 3
[120] card_cmd_class: f5
[120] write_blk_len: 512
[120] read_blk_len: 512
[130] r2w_factor: 2
[130] sector_size: 0
[130] c_size_mult:7
[130] c_size: 4095
[130] nsac_clk_cycle: 100
[130] taac_ns: 15000000
[140] tran_speed: 0 kbps
[140] erase_blk_len: 0
[140] read_blk_misalign: 0
[140] write_blk_misalign: 0
[150] read_blk_partial: 0
[150] write_blk_partial: 0
[150] wp_grp_size: 8192
[150] Card Capacity: 3875536896 Bytes
[160] SDHC Running in DDR mode
[160] Done initialization of the card
[160] erase_grpsize: 31
[170] erase_grpmult: 31
[170] wp_grpsize: 7
[170] wp_grpen: 1
[170] perm_wp: 0
[170] temp_wp: 0
[180] mbr partition table dump:
[180]   0: status 0x0, type 0xee, start 0x1, len 0xffffffff
[180]   1: status 0x0, type 0x0, start 0x0, len 0x0
[190]   2: status 0x0, type 0x0, start 0x0, len 0x0
[190]   3: status 0x0, type 0x0, start 0x0, len 0x0
[200] found GPT
[200] initialising mmc_slot =2
[210]  Initializing MMC host data structure and clock!
[220] Error: Command timeout error
[220] Failure getting OCR response from MMC Card
[220] MMC card failed to respond, try for SD card
[230] Error: Command timeout error
[230] The response for CMD8 does not match the supplied value
[240] Failed to initialize SD card
[240] Failed detecting MMC/SDC @ slot2
[240] sdcard init failed![250] qhypstub image lacks magic, not loading
[250] pm8x41_get_is_cold_boot: cold boot
[250] calling apps_init()
[260] Display Init: Start
[260] No continuous splash: MDP GDSC is not enabled
[260] Display Init: Done
[260] serial number: 1a20ae9
[270] fs-boot: Can't open hd2
[270] Unable to load boot.img from ext2. Continuing legacy boot
[280] Unable to locate /bootselect partition
[280] Loading boot image (5283840): start
[370] Loading boot image (5283840): done
[380] use_signed_kernel=0, is_unlocked=1, is_tampered=0.
[380] decompress image start
[650] decompressed image finished.
[650] smem ram ptable found: ver: 1 len: 4
[660] smem ram ptable found: ver: 1 len: 4
[660] smem ram ptable found: ver: 1 len: 4
[670] smem ram ptable found: ver: 1 len: 4
[670] smem ram ptable found: ver: 1 len: 4
[670] smem ram ptable found: ver: 1 len: 4
[680] smem ram ptable found: ver: 1 len: 4
[680] smem ram ptable found: ver: 1 len: 4
[680] smem ram ptable found: ver: 1 len: 4
[690] qcom,msm-id entry not found
[690] Only one appended non-skales DTB, select it.
[710] Updating device tree: start
[710] smem ram ptable found: ver: 1 len: 4
[750] Setting WLAN mac address in DT: 02:00:01:A2:0A:E9
[780] Setting Bluetooth BD address in DT: 02:00:01:A2:0A:E8
[780] Setting BT mac address in DT: 02:00:01:A2:0A:E8
[790] SCM call: 0x84000000 failed with :ffffffff
[800] hyp_call: ret=0, x1=0x2 (2) x2=0x0 (0) x3=0x0 (0)
[800] Booting CPU0
[810] Cannot find qcom,acc node: -1
[810] Booting CPU1
[830] Cannot find qcom,acc node: -1
[830] Booting CPU2
[840] Cannot find qcom,acc node: -1
[850] Booting CPU3
[860] Cannot find qcom,acc node: -1
[870] Updating device tree: done
[880] booting linux @ 0x80000000, ramdisk @ 0x82000000 (0), tags/device tree @ 0x81e00000
[880] Jumping to kernel via monitor
[    0.000000] Booting Linux on physical CPU 0x0000000000 [0x410fd030]
[    0.000000] Linux version 5.10.33 (alex@A-WS-M21) (aarch64-openwrt-linux-musl-gcc (OpenWrt GCC 8.4.0 r0-cfa8d07) 8.4.0, GNU ld (GNU Binutils) 2.34) #0 SMP Sun Jul 2 07:44:11 2023
[    0.000000] Machine model: MobiTech OpenStick UZ801V3
[    0.000000] earlycon: msm_serial_dm0 at MMIO 0x00000000078b0000 (options '')
[    0.000000] printk: bootconsole [msm_serial_dm0] enabled
[    0.000000] cma: Reserved 32 MiB at 0x000000009e000000
[    0.000000] Zone ranges:
[    0.000000]   DMA      [mem 0x0000000080000000-0x000000009fffffff]
[    0.000000]   DMA32    empty
[    0.000000]   Normal   empty
[    0.000000] Movable zone start for each node
[    0.000000] Early memory node ranges
[    0.000000]   node   0: [mem 0x0000000080000000-0x0000000085ffffff]
[    0.000000]   node   0: [mem 0x0000000086000000-0x000000008bcfffff]
[    0.000000]   node   0: [mem 0x000000008bd00000-0x000000008defffff]
[    0.000000]   node   0: [mem 0x000000008df00000-0x000000008eafffff]
[    0.000000]   node   0: [mem 0x000000008eb00000-0x000000009fffffff]
[    0.000000] Initmem setup node 0 [mem 0x0000000080000000-0x000000009fffffff]
[    0.000000] On node 0 totalpages: 131072
[    0.000000]   DMA zone: 2048 pages used for memmap
[    0.000000]   DMA zone: 0 pages reserved
[    0.000000]   DMA zone: 131072 pages, LIFO batch:31
[    0.000000] percpu: Embedded 18 pages/cpu s33304 r8192 d32232 u73728
[    0.000000] pcpu-alloc: s33304 r8192 d32232 u73728 alloc=18*4096
[    0.000000] pcpu-alloc: [0] 0 [0] 1 [0] 2 [0] 3
[    0.000000] Detected VIPT I-cache on CPU0
[    0.000000] Built 1 zonelists, mobility grouping on.  Total pages: 129024
[    0.000000] Kernel command line: earlycon console=tty0 console=ttyMSM0,115200 root=/dev/mmcblk0p14 rw rootwait
[    0.000000] Dentry cache hash table entries: 65536 (order: 7, 524288 bytes, linear)
[    0.000000] Inode-cache hash table entries: 32768 (order: 6, 262144 bytes, linear)
[    0.000000] mem auto-init: stack:off, heap alloc:off, heap free:off
[    0.000000] Memory: 360304K/524288K available (8126K kernel code, 974K rwdata, 2324K rodata, 1472K init, 293K bss, 131216K reserved, 32768K cma-reserved)
[    0.000000] SLUB: HWalign=64, Order=0-3, MinObjects=0, CPUs=4, Nodes=1
[    0.000000] rcu: Hierarchical RCU implementation.
[    0.000000] rcu:     CONFIG_RCU_FANOUT set to non-default value of 32.
[    0.000000]  Tracing variant of Tasks RCU enabled.
[    0.000000] rcu: RCU calculated value of scheduler-enlistment delay is 10 jiffies.
[    0.000000] NR_IRQS: 64, nr_irqs: 64, preallocated irqs: 0
[    0.000000] GIC: Using split EOI/Deactivate mode
[    0.000000] random: get_random_bytes called from start_kernel+0x348/0x514 with crng_init=0
[    0.000000] arch_timer: cp15 and mmio timer(s) running at 19.20MHz (phys/virt).
[    0.000000] clocksource: arch_sys_counter: mask: 0xffffffffffffff max_cycles: 0x46d987e47, max_idle_ns: 440795202767 ns
[    0.000000] sched_clock: 56 bits at 19MHz, resolution 52ns, wraps every 4398046511078ns
[    0.010829] Calibrating delay loop (skipped), value calculated using timer frequency.. 38.40 BogoMIPS (lpj=192000)
[    0.018747] pid_max: default: 32768 minimum: 301
[    0.029294] Mount-cache hash table entries: 1024 (order: 1, 8192 bytes, linear)
[    0.033936] Mountpoint-cache hash table entries: 1024 (order: 1, 8192 bytes, linear)
[    0.042555] rcu: Hierarchical SRCU implementation.
[    0.049088] dyndbg: Ignore empty _ddebug table in a CONFIG_DYNAMIC_DEBUG_CORE build
[    0.054055] smp: Bringing up secondary CPUs ...
[    5.135489] CPU1: failed to come online
[    5.135509] CPU1: failed in unknown state : 0x0
[   10.177370] CPU2: failed to come online
[   10.177390] CPU2: failed in unknown state : 0x0
[   15.219250] CPU3: failed to come online
[   15.219269] CPU3: failed in unknown state : 0x0
[   15.221919] smp: Brought up 1 node, 1 CPU
[   15.226390] SMP: Total of 1 processors activated.
[   15.230578] CPU features: detected: 32-bit EL0 Support
[   15.235250] CPU features: detected: CRC32 instructions
[   15.240285] CPU features: detected: 32-bit EL1 Support
[   15.245488] CPU features: emulated: Privileged Access Never (PAN) using TTBR0_EL1 switching
[   15.253568] CPU: All CPU(s) started at EL2
[   15.258804] alternatives: patching kernel code
[   15.273640] KASLR disabled due to lack of seed
[   15.273862] clocksource: jiffies: mask: 0xffffffff max_cycles: 0xffffffff, max_idle_ns: 19112604462750000 ns
[   15.276989] futex hash table entries: 1024 (order: 4, 65536 bytes, linear)
[   15.288307] pinctrl core: initialized pinctrl subsystem
[   15.297232] NET: Registered protocol family 16
[   15.300219] DMA: preallocated 128 KiB GFP_KERNEL pool for atomic allocations
[   15.303379] DMA: preallocated 128 KiB GFP_KERNEL|GFP_DMA pool for atomic allocations
[   15.310664] DMA: preallocated 128 KiB GFP_KERNEL|GFP_DMA32 pool for atomic allocations
[   15.318603] thermal_sys: Registered thermal governor 'step_wise'
[   15.319514] cpuidle: using governor menu
[   15.332392] ASID allocator initialised with 65536 entries
[   15.400148] HugeTLB registered 1.00 GiB page size, pre-allocated 0 pages
[   15.400187] HugeTLB registered 32.0 MiB page size, pre-allocated 0 pages
[   15.405971] HugeTLB registered 2.00 MiB page size, pre-allocated 0 pages
[   15.412603] HugeTLB registered 64.0 KiB page size, pre-allocated 0 pages
[   15.420897] cryptd: max_cpu_qlen set to 1000
[   15.428332] iommu: Default domain type: Translated
[   15.430465] SCSI subsystem initialized
[   15.434948] usbcore: registered new interface driver usbfs
[   15.438679] usbcore: registered new interface driver hub
[   15.444175] usbcore: registered new device driver usb
[   15.449733] pps_core: LinuxPPS API ver. 1 registered
[   15.454540] pps_core: Software ver. 5.3.6 - Copyright 2005-2007 Rodolfo Giometti <giometti@linux.it>
[   15.459583] PTP clock support registered
[   15.469955] qcom_scm: convention: smc arm 32
[   15.478976] clocksource: Switched to clocksource arch_sys_counter
[   15.479194] VFS: Disk quotas dquot_6.6.0
[   15.484180] VFS: Dquot-cache hash table entries: 512 (order 0, 4096 bytes)
[   15.488783] NET: Registered protocol family 2
[   15.495183] tcp_listen_portaddr_hash hash table entries: 256 (order: 0, 4096 bytes, linear)
[   15.499192] TCP established hash table entries: 4096 (order: 3, 32768 bytes, linear)
[   15.507355] TCP bind hash table entries: 4096 (order: 4, 65536 bytes, linear)
[   15.515384] TCP: Hash tables configured (established 4096 bind 4096)
[   15.522426] UDP hash table entries: 256 (order: 1, 8192 bytes, linear)
[   15.528771] UDP-Lite hash table entries: 256 (order: 1, 8192 bytes, linear)
[   15.535265] NET: Registered protocol family 1
[   15.545989] kvm [1]: IPA Size Limit: 40 bits
[   15.547122] kvm [1]: vgic interrupt IRQ9
[   15.551665] kvm [1]: Hyp mode initialized successfully
[   15.557167] workingset: timestamp_bits=46 max_order=17 bucket_order=0
[   15.564336] squashfs: version 4.0 (2009/01/31) Phillip Lougher
[   15.566268] jffs2: version 2.2 (NAND) (SUMMARY) (LZMA) (RTIME) (CMODE_PRIORITY) (c) 2001-2006 Red Hat, Inc.
[   15.634208] Serial: 8250/16550 driver, 2 ports, IRQ sharing disabled
[   15.635044] msm_serial 78b0000.serial: msm_serial: detected port #0
[   15.639730] msm_serial 78b0000.serial: uartclk = 7372800
[   15.645689] 78b0000.serial: ttyMSM0 at MMIO 0x78b0000 (irq = 29, base_baud = 460800ï¿½[   15.659681] printk: console [ttyMSM0] enabled
[   15.659702] printk: bootconsole [msm_serial_dm0] disabled
[   15.659681] printk: console [ttyMSM0] enabled
[   15.659702] printk: bootconsole [msm_serial_dm0] disabled
[   15.663458] msm_serial: driver initialized
[   15.663753] qcom-iommu 1ef0000.iommu: iommu sec: pgtable size: 94208
[   15.705764] loop: module loaded
[   15.706383] spmi spmi-0: PMIC arbiter version v2 (0x20010000)
[   15.740294] ehci_hcd: USB 2.0 'Enhanced' Host Controller (EHCI) Driver
[   15.740304] ehci-platform: EHCI generic platform driver
[   15.740455] ohci_hcd: USB 1.1 'Open' Host Controller (OHCI) Driver
[   15.740475] ohci-platform: OHCI generic platform driver
[   15.740650] usbcore: registered new interface driver usb-storage
[   15.755336] rtc-pm8xxx 200f000.spmi:pmic@0:rtc@6000: registered as rtc0
[   15.755387] rtc-pm8xxx 200f000.spmi:pmic@0:rtc@6000: setting system clock to 1970-01-01T00:03:27 UTC (207)
[   15.755469] i2c /dev entries driver
[   15.773265] sdhci: Secure Digital Host Controller Interface driver
[   15.773274] sdhci: Copyright(c) Pierre Ossman
[   15.773277] sdhci-pltfm: SDHCI platform and OF driver helper
[   15.777767] ledtrig-cpu: registered to indicate activity on CPUs
[   15.779350] genirq: irq_chip msmgpio did not update eff. affinity mask of irq 63
[   15.784737] NET: Registered protocol family 10
[   15.786174] Segment Routing with IPv6
[   15.786229] NET: Registered protocol family 17
[   15.786263] 8021q: 802.1Q VLAN Support v1.8
[   15.786661] printk: console [ttyMSM0]: printing thread started
[   15.786710] registered taskstats version 1
[   15.952218] s1: supplied by regulator-dummy
[   15.952369] s2: supplied by regulator-dummy
[   15.952421] s3: Bringing 0uV into 1200000-1200000uV
[   15.952543] s3: supplied by regulator-dummy
[   15.952614] s4: Bringing 0uV into 1800000-1800000uV
[   15.952728] s4: supplied by regulator-dummy
[   15.952776] l1: Bringing 0uV into 1225000-1225000uV
[   15.952875] l1: supplied by s3
[   15.952925] l2: Bringing 0uV into 1200000-1200000uV
[   15.953033] l2: supplied by s3
[   15.953175] l3: supplied by s3
[   15.953220] l4: Bringing 0uV into 2050000-2050000uV
[   15.953327] l4: supplied by s4
[   15.953384] l5: Bringing 0uV into 1800000-1800000uV
[   15.953489] l5: supplied by s4
[   15.953537] l6: Bringing 0uV into 1800000-1800000uV
[   15.953656] l6: supplied by s4
[   15.953706] l7: Bringing 0uV into 1800000-1800000uV
[   15.953814] l7: supplied by s4
[   15.953864] l8: Bringing 0uV into 2850000-2850000uV
[   15.953984] l8: supplied by regulator-dummy
[   15.954041] l9: Bringing 0uV into 3300000-3300000uV
[   15.954181] l9: supplied by regulator-dummy
[   15.954235] l10: Bringing 0uV into 2700000-2700000uV
[   15.954354] l10: supplied by regulator-dummy
[   15.954410] l11: Bringing 0uV into 1800000-1800000uV
[   15.954533] l11: supplied by regulator-dummy
[   15.954589] l12: Bringing 0uV into 1800000-1800000uV
[   15.954726] l12: supplied by regulator-dummy
[   15.954785] l13: Bringing 0uV into 3075000-3075000uV
[   15.954909] l13: supplied by regulator-dummy
[   15.954964] l14: Bringing 0uV into 1800000-1800000uV
[   15.955089] l14: supplied by regulator-dummy
[   15.955145] l15: Bringing 0uV into 1800000-1800000uV
[   15.955285] l15: supplied by regulator-dummy
[   15.955340] l16: Bringing 0uV into 1800000-1800000uV
[   15.955463] l16: supplied by regulator-dummy
[   15.955525] l17: Bringing 0uV into 2850000-2850000uV
[   15.962351] debugfs: Directory '4a9000.thermal-sensor' with parent 'tsens' already present!
[   15.964282] spmi-temp-alarm 200f000.spmi:pmic@0:temp-alarm@2400: failed to register sensor
[   15.969818] l17: supplied by regulator-dummy
[   16.150029] l18: Bringing 0uV into 2700000-2700000uV
[   16.150202] l18: supplied by regulator-dummy
[   16.178977] mmc0: SDHCI controller on 7824900.sdhci [7824900.sdhci] using ADMA 64-bit
[   16.179431] Waiting for root device /dev/mmcblk0p14...
[   16.289093] mmc0: new DDR MMC card at address 0001
[   16.291230] mmcblk0: mmc0:0001 H4G1d 3.61 GiB
[   16.292115] mmcblk0boot0: mmc0:0001 H4G1d partition 1 2.00 MiB
[   16.292985] mmcblk0boot1: mmc0:0001 H4G1d partition 2 2.00 MiB
[   16.293284] mmcblk0rpmb: mmc0:0001 H4G1d partition 3 2.00 MiB, chardev (245:0)
[   16.297940]  mmcblk0: p1 p2 p3 p4 p5 p6 p7 p8 p9 p10 p11 p12 p13 p14 p15 p16 p17 p18 p19 p20 p21 p22 p23 p24 p25 p26 p27
